// Jest Snapshot v1, https://goo.gl/fbAQLP

exports[`src/app.re renders 1`] = `
<div
  className="App"
>
  <div
    className="App-header"
  >
    <h1>
      ReasonReact Interest Calculator
    </h1>
  </div>
  <label>
    Principle
    <input
      onChange={[Function]}
      value="1000"
    />
  </label>
  <label>
    Rate
    <input
      onChange={[Function]}
      value="0.03"
    />
  </label>
  <label>
    Years to grow
    <input
      onChange={[Function]}
      value="10"
    />
  </label>
  <label>
    Total
    <input
      readOnly={true}
      value="1349.35354719"
    />
  </label>
</div>
`;
